SQL> 
SQL> PROMPT =====================================================
=====================================================
SQL> PROMPT Iniciando creación del esquema ePrescription
Iniciando creación del esquema ePrescription
SQL> PROMPT Fecha:
Fecha:
SQL> SELECT TO_CHAR(SYSDATE, 'DD-MON-YYYY HH24:MI:SS') FROM DUAL;
SP2-0640: Not connected
SQL> PROMPT =====================================================
=====================================================
SQL> 
SQL> PROMPT

SQL> PROMPT [1/11] Creando tabla CIE10_CATALOG...
[1/11] Creando tabla CIE10_CATALOG...
SQL> @@01-DDL/01-cie10-catalog.sql
SQL> -- =====================================================
SQL> -- Script: 01-cie10-catalog.sql
SQL> -- Descripción: Crear tabla de catálogo CIE-10 con índices
SQL> -- Autor: ePrescription Team
SQL> -- Fecha: 2024-11-11
SQL> -- =====================================================
SQL> 
SQL> -- Conectar como eprescription_user
SQL> CONNECT eprescription_user/EprescriptionPass123!@localhost:1521/XEPDB1
Connected.
SQL> 
SQL> -- Crear tabla CIE10_CATALOG
SQL> CREATE TABLE CIE10_CATALOG (
  2  	 cie10_id RAW(16) DEFAULT SYS_GUID() PRIMARY KEY,
  3  	 code VARCHAR2(10) UNIQUE NOT NULL,
  4  	 description VARCHAR2(500) NOT NULL,
  5  	 description_english VARCHAR2(500),
  6  	 category VARCHAR2(100),
  7  	 subcategory VARCHAR2(100),
  8  	 is_active NUMBER(1) DEFAULT 1 CHECK (is_active IN (0, 1)),
  9  	 source VARCHAR2(20) DEFAULT 'MANUAL' CHECK (source IN ('MANUAL', 'WHO_API')),
 10  	 last_updated TIMESTAMP DEFAULT CURRENT_TIMESTAMP,
 11  	 created_at TIMESTAMP DEFAULT CURRENT_TIMESTAMP,
 12  	 CONSTRAINT chk_code_format CHECK (REGEXP_LIKE(code, '^[A-Z][0-9]{2}(\.[0-9]{1,2})?$'))
 13  );

Table created.

SQL> 
SQL> -- Crear índices para búsqueda rápida
SQL> CREATE INDEX idx_cie10_code ON CIE10_CATALOG(code);
CREATE INDEX idx_cie10_code ON CIE10_CATALOG(code)
                                             *
ERROR at line 1:
ORA-01408: such column list already indexed 


SQL> CREATE INDEX idx_cie10_description ON CIE10_CATALOG(UPPER(description));

Index created.

SQL> CREATE INDEX idx_cie10_category ON CIE10_CATALOG(category);

Index created.

SQL> CREATE INDEX idx_cie10_active ON CIE10_CATALOG(is_active);

Index created.

SQL> 
SQL> -- Crear índice de texto completo para búsqueda avanzada
SQL> CREATE INDEX idx_cie10_desc_text ON CIE10_CATALOG(description)
  2  	 INDEXTYPE IS CTXSYS.CONTEXT
  3  	 PARAMETERS ('SYNC (ON COMMIT)');

Index created.

SQL> 
SQL> -- Comentarios de la tabla
SQL> COMMENT ON TABLE CIE10_CATALOG IS 'Catálogo oficial de diagnósticos CIE-10 (ICD-10)';

Comment created.

SQL> COMMENT ON COLUMN CIE10_CATALOG.cie10_id IS 'Identificador único del diagnóstico';

Comment created.

SQL> COMMENT ON COLUMN CIE10_CATALOG.code IS 'Código CIE-10 (ej: A00.0, B15.9)';

Comment created.

SQL> COMMENT ON COLUMN CIE10_CATALOG.description IS 'Descripción en español';

Comment created.

SQL> COMMENT ON COLUMN CIE10_CATALOG.description_english IS 'Descripción en inglés (WHO API)';

Comment created.

SQL> COMMENT ON COLUMN CIE10_CATALOG.category IS 'Categoría principal (ej: Enfermedades infecciosas)';

Comment created.

SQL> COMMENT ON COLUMN CIE10_CATALOG.subcategory IS 'Subcategoría';

Comment created.

SQL> COMMENT ON COLUMN CIE10_CATALOG.is_active IS 'Indica si el código está activo (1) o deprecado (0)';

Comment created.

SQL> COMMENT ON COLUMN CIE10_CATALOG.source IS 'Origen del registro: MANUAL o WHO_API';

Comment created.

SQL> COMMENT ON COLUMN CIE10_CATALOG.last_updated IS 'Fecha de última actualización';

Comment created.

SQL> 
SQL> -- Insertar algunos códigos CIE-10 comunes para testing
SQL> INSERT INTO CIE10_CATALOG (code, description, category, subcategory) VALUES
  2  ('A00.0', 'Cólera debido a Vibrio cholerae 01, biotipo cholerae', 'Enfermedades infecciosas y parasitarias', 'Enfermedades intestinales infecciosas');

1 row created.

SQL> 
SQL> INSERT INTO CIE10_CATALOG (code, description, category, subcategory) VALUES
  2  ('E11.9', 'Diabetes mellitus no insulinodependiente, sin mención de complicación', 'Enfermedades endocrinas, nutricionales y metabólicas', 'Diabetes mellitus');

1 row created.

SQL> 
SQL> INSERT INTO CIE10_CATALOG (code, description, category, subcategory) VALUES
  2  ('I10', 'Hipertensión esencial (primaria)', 'Enfermedades del sistema circulatorio', 'Enfermedades hipertensivas');

1 row created.

SQL> 
SQL> INSERT INTO CIE10_CATALOG (code, description, category, subcategory) VALUES
  2  ('J06.9', 'Infección aguda de las vías respiratorias superiores, no especificada', 'Enfermedades del sistema respiratorio', 'Infecciones respiratorias agudas');

1 row created.

SQL> 
SQL> INSERT INTO CIE10_CATALOG (code, description, category, subcategory) VALUES
  2  ('K29.7', 'Gastritis, no especificada', 'Enfermedades del sistema digestivo', 'Enfermedades del esófago, estómago y duodeno');

1 row created.

SQL> 
SQL> COMMIT;

Commit complete.

SQL> 
SQL> -- Verificar creación
SQL> SELECT COUNT(*) as total_codes FROM CIE10_CATALOG;

TOTAL_CODES                                                                     
-----------                                                                     
          5                                                                     

SQL> SELECT * FROM CIE10_CATALOG ORDER BY code;

CIE10_ID                         CODE                                           
-------------------------------- ----------                                     
DESCRIPTION                                                                     
--------------------------------------------------------------------------------
DESCRIPTION_ENGLISH                                                             
--------------------------------------------------------------------------------
CATEGORY                                                                        
--------------------------------------------------------------------------------
SUBCATEGORY                                                                     
--------------------------------------------------------------------------------
 IS_ACTIVE SOURCE                                                               
---------- --------------------                                                 
LAST_UPDATED                                                                    
---------------------------------------------------------------------------     
CREATED_AT                                                                      
---------------------------------------------------------------------------     
435A7136470B0BDDE063020016ACE23F A00.0                                          

CIE10_ID                         CODE                                           
-------------------------------- ----------                                     
DESCRIPTION                                                                     
--------------------------------------------------------------------------------
DESCRIPTION_ENGLISH                                                             
--------------------------------------------------------------------------------
CATEGORY                                                                        
--------------------------------------------------------------------------------
SUBCATEGORY                                                                     
--------------------------------------------------------------------------------
 IS_ACTIVE SOURCE                                                               
---------- --------------------                                                 
LAST_UPDATED                                                                    
---------------------------------------------------------------------------     
CREATED_AT                                                                      
---------------------------------------------------------------------------     
C??lera debido a Vibrio cholerae 01, biotipo cholerae                           

CIE10_ID                         CODE                                           
-------------------------------- ----------                                     
DESCRIPTION                                                                     
--------------------------------------------------------------------------------
DESCRIPTION_ENGLISH                                                             
--------------------------------------------------------------------------------
CATEGORY                                                                        
--------------------------------------------------------------------------------
SUBCATEGORY                                                                     
--------------------------------------------------------------------------------
 IS_ACTIVE SOURCE                                                               
---------- --------------------                                                 
LAST_UPDATED                                                                    
---------------------------------------------------------------------------     
CREATED_AT                                                                      
---------------------------------------------------------------------------     
                                                                                

CIE10_ID                         CODE                                           
-------------------------------- ----------                                     
DESCRIPTION                                                                     
--------------------------------------------------------------------------------
DESCRIPTION_ENGLISH                                                             
--------------------------------------------------------------------------------
CATEGORY                                                                        
--------------------------------------------------------------------------------
SUBCATEGORY                                                                     
--------------------------------------------------------------------------------
 IS_ACTIVE SOURCE                                                               
---------- --------------------                                                 
LAST_UPDATED                                                                    
---------------------------------------------------------------------------     
CREATED_AT                                                                      
---------------------------------------------------------------------------     
Enfermedades infecciosas y parasitarias                                         

CIE10_ID                         CODE                                           
-------------------------------- ----------                                     
DESCRIPTION                                                                     
--------------------------------------------------------------------------------
DESCRIPTION_ENGLISH                                                             
--------------------------------------------------------------------------------
CATEGORY                                                                        
--------------------------------------------------------------------------------
SUBCATEGORY                                                                     
--------------------------------------------------------------------------------
 IS_ACTIVE SOURCE                                                               
---------- --------------------                                                 
LAST_UPDATED                                                                    
---------------------------------------------------------------------------     
CREATED_AT                                                                      
---------------------------------------------------------------------------     
Enfermedades intestinales infecciosas                                           

CIE10_ID                         CODE                                           
-------------------------------- ----------                                     
DESCRIPTION                                                                     
--------------------------------------------------------------------------------
DESCRIPTION_ENGLISH                                                             
--------------------------------------------------------------------------------
CATEGORY                                                                        
--------------------------------------------------------------------------------
SUBCATEGORY                                                                     
--------------------------------------------------------------------------------
 IS_ACTIVE SOURCE                                                               
---------- --------------------                                                 
LAST_UPDATED                                                                    
---------------------------------------------------------------------------     
CREATED_AT                                                                      
---------------------------------------------------------------------------     
         1 MANUAL                                                               

CIE10_ID                         CODE                                           
-------------------------------- ----------                                     
DESCRIPTION                                                                     
--------------------------------------------------------------------------------
DESCRIPTION_ENGLISH                                                             
--------------------------------------------------------------------------------
CATEGORY                                                                        
--------------------------------------------------------------------------------
SUBCATEGORY                                                                     
--------------------------------------------------------------------------------
 IS_ACTIVE SOURCE                                                               
---------- --------------------                                                 
LAST_UPDATED                                                                    
---------------------------------------------------------------------------     
CREATED_AT                                                                      
---------------------------------------------------------------------------     
11-NOV-25 10.48.13.365939 PM                                                    

CIE10_ID                         CODE                                           
-------------------------------- ----------                                     
DESCRIPTION                                                                     
--------------------------------------------------------------------------------
DESCRIPTION_ENGLISH                                                             
--------------------------------------------------------------------------------
CATEGORY                                                                        
--------------------------------------------------------------------------------
SUBCATEGORY                                                                     
--------------------------------------------------------------------------------
 IS_ACTIVE SOURCE                                                               
---------- --------------------                                                 
LAST_UPDATED                                                                    
---------------------------------------------------------------------------     
CREATED_AT                                                                      
---------------------------------------------------------------------------     
11-NOV-25 10.48.13.365939 PM                                                    

CIE10_ID                         CODE                                           
-------------------------------- ----------                                     
DESCRIPTION                                                                     
--------------------------------------------------------------------------------
DESCRIPTION_ENGLISH                                                             
--------------------------------------------------------------------------------
CATEGORY                                                                        
--------------------------------------------------------------------------------
SUBCATEGORY                                                                     
--------------------------------------------------------------------------------
 IS_ACTIVE SOURCE                                                               
---------- --------------------                                                 
LAST_UPDATED                                                                    
---------------------------------------------------------------------------     
CREATED_AT                                                                      
---------------------------------------------------------------------------     
                                                                                

CIE10_ID                         CODE                                           
-------------------------------- ----------                                     
DESCRIPTION                                                                     
--------------------------------------------------------------------------------
DESCRIPTION_ENGLISH                                                             
--------------------------------------------------------------------------------
CATEGORY                                                                        
--------------------------------------------------------------------------------
SUBCATEGORY                                                                     
--------------------------------------------------------------------------------
 IS_ACTIVE SOURCE                                                               
---------- --------------------                                                 
LAST_UPDATED                                                                    
---------------------------------------------------------------------------     
CREATED_AT                                                                      
---------------------------------------------------------------------------     
435A7136470C0BDDE063020016ACE23F E11.9                                          

CIE10_ID                         CODE                                           
-------------------------------- ----------                                     
DESCRIPTION                                                                     
--------------------------------------------------------------------------------
DESCRIPTION_ENGLISH                                                             
--------------------------------------------------------------------------------
CATEGORY                                                                        
--------------------------------------------------------------------------------
SUBCATEGORY                                                                     
--------------------------------------------------------------------------------
 IS_ACTIVE SOURCE                                                               
---------- --------------------                                                 
LAST_UPDATED                                                                    
---------------------------------------------------------------------------     
CREATED_AT                                                                      
---------------------------------------------------------------------------     
Diabetes mellitus no insulinodependiente, sin menci??n de complicaci??n         

CIE10_ID                         CODE                                           
-------------------------------- ----------                                     
DESCRIPTION                                                                     
--------------------------------------------------------------------------------
DESCRIPTION_ENGLISH                                                             
--------------------------------------------------------------------------------
CATEGORY                                                                        
--------------------------------------------------------------------------------
SUBCATEGORY                                                                     
--------------------------------------------------------------------------------
 IS_ACTIVE SOURCE                                                               
---------- --------------------                                                 
LAST_UPDATED                                                                    
---------------------------------------------------------------------------     
CREATED_AT                                                                      
---------------------------------------------------------------------------     
                                                                                

CIE10_ID                         CODE                                           
-------------------------------- ----------                                     
DESCRIPTION                                                                     
--------------------------------------------------------------------------------
DESCRIPTION_ENGLISH                                                             
--------------------------------------------------------------------------------
CATEGORY                                                                        
--------------------------------------------------------------------------------
SUBCATEGORY                                                                     
--------------------------------------------------------------------------------
 IS_ACTIVE SOURCE                                                               
---------- --------------------                                                 
LAST_UPDATED                                                                    
---------------------------------------------------------------------------     
CREATED_AT                                                                      
---------------------------------------------------------------------------     
Enfermedades endocrinas, nutricionales y metab??licas                           

CIE10_ID                         CODE                                           
-------------------------------- ----------                                     
DESCRIPTION                                                                     
--------------------------------------------------------------------------------
DESCRIPTION_ENGLISH                                                             
--------------------------------------------------------------------------------
CATEGORY                                                                        
--------------------------------------------------------------------------------
SUBCATEGORY                                                                     
--------------------------------------------------------------------------------
 IS_ACTIVE SOURCE                                                               
---------- --------------------                                                 
LAST_UPDATED                                                                    
---------------------------------------------------------------------------     
CREATED_AT                                                                      
---------------------------------------------------------------------------     
Diabetes mellitus                                                               

CIE10_ID                         CODE                                           
-------------------------------- ----------                                     
DESCRIPTION                                                                     
--------------------------------------------------------------------------------
DESCRIPTION_ENGLISH                                                             
--------------------------------------------------------------------------------
CATEGORY                                                                        
--------------------------------------------------------------------------------
SUBCATEGORY                                                                     
--------------------------------------------------------------------------------
 IS_ACTIVE SOURCE                                                               
---------- --------------------                                                 
LAST_UPDATED                                                                    
---------------------------------------------------------------------------     
CREATED_AT                                                                      
---------------------------------------------------------------------------     
         1 MANUAL                                                               

CIE10_ID                         CODE                                           
-------------------------------- ----------                                     
DESCRIPTION                                                                     
--------------------------------------------------------------------------------
DESCRIPTION_ENGLISH                                                             
--------------------------------------------------------------------------------
CATEGORY                                                                        
--------------------------------------------------------------------------------
SUBCATEGORY                                                                     
--------------------------------------------------------------------------------
 IS_ACTIVE SOURCE                                                               
---------- --------------------                                                 
LAST_UPDATED                                                                    
---------------------------------------------------------------------------     
CREATED_AT                                                                      
---------------------------------------------------------------------------     
11-NOV-25 10.48.13.373300 PM                                                    

CIE10_ID                         CODE                                           
-------------------------------- ----------                                     
DESCRIPTION                                                                     
--------------------------------------------------------------------------------
DESCRIPTION_ENGLISH                                                             
--------------------------------------------------------------------------------
CATEGORY                                                                        
--------------------------------------------------------------------------------
SUBCATEGORY                                                                     
--------------------------------------------------------------------------------
 IS_ACTIVE SOURCE                                                               
---------- --------------------                                                 
LAST_UPDATED                                                                    
---------------------------------------------------------------------------     
CREATED_AT                                                                      
---------------------------------------------------------------------------     
11-NOV-25 10.48.13.373300 PM                                                    

CIE10_ID                         CODE                                           
-------------------------------- ----------                                     
DESCRIPTION                                                                     
--------------------------------------------------------------------------------
DESCRIPTION_ENGLISH                                                             
--------------------------------------------------------------------------------
CATEGORY                                                                        
--------------------------------------------------------------------------------
SUBCATEGORY                                                                     
--------------------------------------------------------------------------------
 IS_ACTIVE SOURCE                                                               
---------- --------------------                                                 
LAST_UPDATED                                                                    
---------------------------------------------------------------------------     
CREATED_AT                                                                      
---------------------------------------------------------------------------     
                                                                                

CIE10_ID                         CODE                                           
-------------------------------- ----------                                     
DESCRIPTION                                                                     
--------------------------------------------------------------------------------
DESCRIPTION_ENGLISH                                                             
--------------------------------------------------------------------------------
CATEGORY                                                                        
--------------------------------------------------------------------------------
SUBCATEGORY                                                                     
--------------------------------------------------------------------------------
 IS_ACTIVE SOURCE                                                               
---------- --------------------                                                 
LAST_UPDATED                                                                    
---------------------------------------------------------------------------     
CREATED_AT                                                                      
---------------------------------------------------------------------------     
435A7136470D0BDDE063020016ACE23F I10                                            

CIE10_ID                         CODE                                           
-------------------------------- ----------                                     
DESCRIPTION                                                                     
--------------------------------------------------------------------------------
DESCRIPTION_ENGLISH                                                             
--------------------------------------------------------------------------------
CATEGORY                                                                        
--------------------------------------------------------------------------------
SUBCATEGORY                                                                     
--------------------------------------------------------------------------------
 IS_ACTIVE SOURCE                                                               
---------- --------------------                                                 
LAST_UPDATED                                                                    
---------------------------------------------------------------------------     
CREATED_AT                                                                      
---------------------------------------------------------------------------     
Hipertensi??n esencial (primaria)                                               

CIE10_ID                         CODE                                           
-------------------------------- ----------                                     
DESCRIPTION                                                                     
--------------------------------------------------------------------------------
DESCRIPTION_ENGLISH                                                             
--------------------------------------------------------------------------------
CATEGORY                                                                        
--------------------------------------------------------------------------------
SUBCATEGORY                                                                     
--------------------------------------------------------------------------------
 IS_ACTIVE SOURCE                                                               
---------- --------------------                                                 
LAST_UPDATED                                                                    
---------------------------------------------------------------------------     
CREATED_AT                                                                      
---------------------------------------------------------------------------     
                                                                                

CIE10_ID                         CODE                                           
-------------------------------- ----------                                     
DESCRIPTION                                                                     
--------------------------------------------------------------------------------
DESCRIPTION_ENGLISH                                                             
--------------------------------------------------------------------------------
CATEGORY                                                                        
--------------------------------------------------------------------------------
SUBCATEGORY                                                                     
--------------------------------------------------------------------------------
 IS_ACTIVE SOURCE                                                               
---------- --------------------                                                 
LAST_UPDATED                                                                    
---------------------------------------------------------------------------     
CREATED_AT                                                                      
---------------------------------------------------------------------------     
Enfermedades del sistema circulatorio                                           

CIE10_ID                         CODE                                           
-------------------------------- ----------                                     
DESCRIPTION                                                                     
--------------------------------------------------------------------------------
DESCRIPTION_ENGLISH                                                             
--------------------------------------------------------------------------------
CATEGORY                                                                        
--------------------------------------------------------------------------------
SUBCATEGORY                                                                     
--------------------------------------------------------------------------------
 IS_ACTIVE SOURCE                                                               
---------- --------------------                                                 
LAST_UPDATED                                                                    
---------------------------------------------------------------------------     
CREATED_AT                                                                      
---------------------------------------------------------------------------     
Enfermedades hipertensivas                                                      

CIE10_ID                         CODE                                           
-------------------------------- ----------                                     
DESCRIPTION                                                                     
--------------------------------------------------------------------------------
DESCRIPTION_ENGLISH                                                             
--------------------------------------------------------------------------------
CATEGORY                                                                        
--------------------------------------------------------------------------------
SUBCATEGORY                                                                     
--------------------------------------------------------------------------------
 IS_ACTIVE SOURCE                                                               
---------- --------------------                                                 
LAST_UPDATED                                                                    
---------------------------------------------------------------------------     
CREATED_AT                                                                      
---------------------------------------------------------------------------     
         1 MANUAL                                                               

CIE10_ID                         CODE                                           
-------------------------------- ----------                                     
DESCRIPTION                                                                     
--------------------------------------------------------------------------------
DESCRIPTION_ENGLISH                                                             
--------------------------------------------------------------------------------
CATEGORY                                                                        
--------------------------------------------------------------------------------
SUBCATEGORY                                                                     
--------------------------------------------------------------------------------
 IS_ACTIVE SOURCE                                                               
---------- --------------------                                                 
LAST_UPDATED                                                                    
---------------------------------------------------------------------------     
CREATED_AT                                                                      
---------------------------------------------------------------------------     
11-NOV-25 10.48.13.376497 PM                                                    

CIE10_ID                         CODE                                           
-------------------------------- ----------                                     
DESCRIPTION                                                                     
--------------------------------------------------------------------------------
DESCRIPTION_ENGLISH                                                             
--------------------------------------------------------------------------------
CATEGORY                                                                        
--------------------------------------------------------------------------------
SUBCATEGORY                                                                     
--------------------------------------------------------------------------------
 IS_ACTIVE SOURCE                                                               
---------- --------------------                                                 
LAST_UPDATED                                                                    
---------------------------------------------------------------------------     
CREATED_AT                                                                      
---------------------------------------------------------------------------     
11-NOV-25 10.48.13.376497 PM                                                    

CIE10_ID                         CODE                                           
-------------------------------- ----------                                     
DESCRIPTION                                                                     
--------------------------------------------------------------------------------
DESCRIPTION_ENGLISH                                                             
--------------------------------------------------------------------------------
CATEGORY                                                                        
--------------------------------------------------------------------------------
SUBCATEGORY                                                                     
--------------------------------------------------------------------------------
 IS_ACTIVE SOURCE                                                               
---------- --------------------                                                 
LAST_UPDATED                                                                    
---------------------------------------------------------------------------     
CREATED_AT                                                                      
---------------------------------------------------------------------------     
                                                                                

CIE10_ID                         CODE                                           
-------------------------------- ----------                                     
DESCRIPTION                                                                     
--------------------------------------------------------------------------------
DESCRIPTION_ENGLISH                                                             
--------------------------------------------------------------------------------
CATEGORY                                                                        
--------------------------------------------------------------------------------
SUBCATEGORY                                                                     
--------------------------------------------------------------------------------
 IS_ACTIVE SOURCE                                                               
---------- --------------------                                                 
LAST_UPDATED                                                                    
---------------------------------------------------------------------------     
CREATED_AT                                                                      
---------------------------------------------------------------------------     
435A7136470E0BDDE063020016ACE23F J06.9                                          

CIE10_ID                         CODE                                           
-------------------------------- ----------                                     
DESCRIPTION                                                                     
--------------------------------------------------------------------------------
DESCRIPTION_ENGLISH                                                             
--------------------------------------------------------------------------------
CATEGORY                                                                        
--------------------------------------------------------------------------------
SUBCATEGORY                                                                     
--------------------------------------------------------------------------------
 IS_ACTIVE SOURCE                                                               
---------- --------------------                                                 
LAST_UPDATED                                                                    
---------------------------------------------------------------------------     
CREATED_AT                                                                      
---------------------------------------------------------------------------     
Infecci??n aguda de las v??as respiratorias superiores, no especificada         

CIE10_ID                         CODE                                           
-------------------------------- ----------                                     
DESCRIPTION                                                                     
--------------------------------------------------------------------------------
DESCRIPTION_ENGLISH                                                             
--------------------------------------------------------------------------------
CATEGORY                                                                        
--------------------------------------------------------------------------------
SUBCATEGORY                                                                     
--------------------------------------------------------------------------------
 IS_ACTIVE SOURCE                                                               
---------- --------------------                                                 
LAST_UPDATED                                                                    
---------------------------------------------------------------------------     
CREATED_AT                                                                      
---------------------------------------------------------------------------     
                                                                                

CIE10_ID                         CODE                                           
-------------------------------- ----------                                     
DESCRIPTION                                                                     
--------------------------------------------------------------------------------
DESCRIPTION_ENGLISH                                                             
--------------------------------------------------------------------------------
CATEGORY                                                                        
--------------------------------------------------------------------------------
SUBCATEGORY                                                                     
--------------------------------------------------------------------------------
 IS_ACTIVE SOURCE                                                               
---------- --------------------                                                 
LAST_UPDATED                                                                    
---------------------------------------------------------------------------     
CREATED_AT                                                                      
---------------------------------------------------------------------------     
Enfermedades del sistema respiratorio                                           

CIE10_ID                         CODE                                           
-------------------------------- ----------                                     
DESCRIPTION                                                                     
--------------------------------------------------------------------------------
DESCRIPTION_ENGLISH                                                             
--------------------------------------------------------------------------------
CATEGORY                                                                        
--------------------------------------------------------------------------------
SUBCATEGORY                                                                     
--------------------------------------------------------------------------------
 IS_ACTIVE SOURCE                                                               
---------- --------------------                                                 
LAST_UPDATED                                                                    
---------------------------------------------------------------------------     
CREATED_AT                                                                      
---------------------------------------------------------------------------     
Infecciones respiratorias agudas                                                

CIE10_ID                         CODE                                           
-------------------------------- ----------                                     
DESCRIPTION                                                                     
--------------------------------------------------------------------------------
DESCRIPTION_ENGLISH                                                             
--------------------------------------------------------------------------------
CATEGORY                                                                        
--------------------------------------------------------------------------------
SUBCATEGORY                                                                     
--------------------------------------------------------------------------------
 IS_ACTIVE SOURCE                                                               
---------- --------------------                                                 
LAST_UPDATED                                                                    
---------------------------------------------------------------------------     
CREATED_AT                                                                      
---------------------------------------------------------------------------     
         1 MANUAL                                                               

CIE10_ID                         CODE                                           
-------------------------------- ----------                                     
DESCRIPTION                                                                     
--------------------------------------------------------------------------------
DESCRIPTION_ENGLISH                                                             
--------------------------------------------------------------------------------
CATEGORY                                                                        
--------------------------------------------------------------------------------
SUBCATEGORY                                                                     
--------------------------------------------------------------------------------
 IS_ACTIVE SOURCE                                                               
---------- --------------------                                                 
LAST_UPDATED                                                                    
---------------------------------------------------------------------------     
CREATED_AT                                                                      
---------------------------------------------------------------------------     
11-NOV-25 10.48.13.380437 PM                                                    

CIE10_ID                         CODE                                           
-------------------------------- ----------                                     
DESCRIPTION                                                                     
--------------------------------------------------------------------------------
DESCRIPTION_ENGLISH                                                             
--------------------------------------------------------------------------------
CATEGORY                                                                        
--------------------------------------------------------------------------------
SUBCATEGORY                                                                     
--------------------------------------------------------------------------------
 IS_ACTIVE SOURCE                                                               
---------- --------------------                                                 
LAST_UPDATED                                                                    
---------------------------------------------------------------------------     
CREATED_AT                                                                      
---------------------------------------------------------------------------     
11-NOV-25 10.48.13.380437 PM                                                    

CIE10_ID                         CODE                                           
-------------------------------- ----------                                     
DESCRIPTION                                                                     
--------------------------------------------------------------------------------
DESCRIPTION_ENGLISH                                                             
--------------------------------------------------------------------------------
CATEGORY                                                                        
--------------------------------------------------------------------------------
SUBCATEGORY                                                                     
--------------------------------------------------------------------------------
 IS_ACTIVE SOURCE                                                               
---------- --------------------                                                 
LAST_UPDATED                                                                    
---------------------------------------------------------------------------     
CREATED_AT                                                                      
---------------------------------------------------------------------------     
                                                                                

CIE10_ID                         CODE                                           
-------------------------------- ----------                                     
DESCRIPTION                                                                     
--------------------------------------------------------------------------------
DESCRIPTION_ENGLISH                                                             
--------------------------------------------------------------------------------
CATEGORY                                                                        
--------------------------------------------------------------------------------
SUBCATEGORY                                                                     
--------------------------------------------------------------------------------
 IS_ACTIVE SOURCE                                                               
---------- --------------------                                                 
LAST_UPDATED                                                                    
---------------------------------------------------------------------------     
CREATED_AT                                                                      
---------------------------------------------------------------------------     
435A7136470F0BDDE063020016ACE23F K29.7                                          

CIE10_ID                         CODE                                           
-------------------------------- ----------                                     
DESCRIPTION                                                                     
--------------------------------------------------------------------------------
DESCRIPTION_ENGLISH                                                             
--------------------------------------------------------------------------------
CATEGORY                                                                        
--------------------------------------------------------------------------------
SUBCATEGORY                                                                     
--------------------------------------------------------------------------------
 IS_ACTIVE SOURCE                                                               
---------- --------------------                                                 
LAST_UPDATED                                                                    
---------------------------------------------------------------------------     
CREATED_AT                                                                      
---------------------------------------------------------------------------     
Gastritis, no especificada                                                      

CIE10_ID                         CODE                                           
-------------------------------- ----------                                     
DESCRIPTION                                                                     
--------------------------------------------------------------------------------
DESCRIPTION_ENGLISH                                                             
--------------------------------------------------------------------------------
CATEGORY                                                                        
--------------------------------------------------------------------------------
SUBCATEGORY                                                                     
--------------------------------------------------------------------------------
 IS_ACTIVE SOURCE                                                               
---------- --------------------                                                 
LAST_UPDATED                                                                    
---------------------------------------------------------------------------     
CREATED_AT                                                                      
---------------------------------------------------------------------------     
                                                                                

CIE10_ID                         CODE                                           
-------------------------------- ----------                                     
DESCRIPTION                                                                     
--------------------------------------------------------------------------------
DESCRIPTION_ENGLISH                                                             
--------------------------------------------------------------------------------
CATEGORY                                                                        
--------------------------------------------------------------------------------
SUBCATEGORY                                                                     
--------------------------------------------------------------------------------
 IS_ACTIVE SOURCE                                                               
---------- --------------------                                                 
LAST_UPDATED                                                                    
---------------------------------------------------------------------------     
CREATED_AT                                                                      
---------------------------------------------------------------------------     
Enfermedades del sistema digestivo                                              

CIE10_ID                         CODE                                           
-------------------------------- ----------                                     
DESCRIPTION                                                                     
--------------------------------------------------------------------------------
DESCRIPTION_ENGLISH                                                             
--------------------------------------------------------------------------------
CATEGORY                                                                        
--------------------------------------------------------------------------------
SUBCATEGORY                                                                     
--------------------------------------------------------------------------------
 IS_ACTIVE SOURCE                                                               
---------- --------------------                                                 
LAST_UPDATED                                                                    
---------------------------------------------------------------------------     
CREATED_AT                                                                      
---------------------------------------------------------------------------     
Enfermedades del es??fago, est??mago y duodeno                                  

CIE10_ID                         CODE                                           
-------------------------------- ----------                                     
DESCRIPTION                                                                     
--------------------------------------------------------------------------------
DESCRIPTION_ENGLISH                                                             
--------------------------------------------------------------------------------
CATEGORY                                                                        
--------------------------------------------------------------------------------
SUBCATEGORY                                                                     
--------------------------------------------------------------------------------
 IS_ACTIVE SOURCE                                                               
---------- --------------------                                                 
LAST_UPDATED                                                                    
---------------------------------------------------------------------------     
CREATED_AT                                                                      
---------------------------------------------------------------------------     
         1 MANUAL                                                               

CIE10_ID                         CODE                                           
-------------------------------- ----------                                     
DESCRIPTION                                                                     
--------------------------------------------------------------------------------
DESCRIPTION_ENGLISH                                                             
--------------------------------------------------------------------------------
CATEGORY                                                                        
--------------------------------------------------------------------------------
SUBCATEGORY                                                                     
--------------------------------------------------------------------------------
 IS_ACTIVE SOURCE                                                               
---------- --------------------                                                 
LAST_UPDATED                                                                    
---------------------------------------------------------------------------     
CREATED_AT                                                                      
---------------------------------------------------------------------------     
11-NOV-25 10.48.13.383576 PM                                                    

CIE10_ID                         CODE                                           
-------------------------------- ----------                                     
DESCRIPTION                                                                     
--------------------------------------------------------------------------------
DESCRIPTION_ENGLISH                                                             
--------------------------------------------------------------------------------
CATEGORY                                                                        
--------------------------------------------------------------------------------
SUBCATEGORY                                                                     
--------------------------------------------------------------------------------
 IS_ACTIVE SOURCE                                                               
---------- --------------------                                                 
LAST_UPDATED                                                                    
---------------------------------------------------------------------------     
CREATED_AT                                                                      
---------------------------------------------------------------------------     
11-NOV-25 10.48.13.383576 PM                                                    

CIE10_ID                         CODE                                           
-------------------------------- ----------                                     
DESCRIPTION                                                                     
--------------------------------------------------------------------------------
DESCRIPTION_ENGLISH                                                             
--------------------------------------------------------------------------------
CATEGORY                                                                        
--------------------------------------------------------------------------------
SUBCATEGORY                                                                     
--------------------------------------------------------------------------------
 IS_ACTIVE SOURCE                                                               
---------- --------------------                                                 
LAST_UPDATED                                                                    
---------------------------------------------------------------------------     
CREATED_AT                                                                      
---------------------------------------------------------------------------     
                                                                                

SQL> 
SQL> EXIT;
